Module toggle QA → https://young.idivles.ru
OK  always / → on (200)
OK  always /privacy → on (200)
OK  always /rules → on (200)
OK  always /contacts → on (200)
OK  always /documents → on (200)
OK  always /login → on (200)
OK  always /api/health → on (200)
OK  registration   OFF /register → redirect-off (307 → /unavailable?m=registration&mode=hide)
OK  messaging      OFF /messages → redirect-off (307 → /unavailable?m=messaging&mode=hide)
OK  events         ON  /events → on (200)
OK  tickets_scan   ON  /scanner → redirect-off (307 → /login?callbackUrl=/scanner&staff=1)
OK  places         OFF /places → redirect-off (307 → /unavailable?m=places&mode=soon)
OK  gallery        OFF /gallery → redirect-off (307 → /unavailable?m=gallery&mode=soon)
OK  projects       ON  /projects → on (200)
OK  clubs          ON  /clubs → on (200)
OK  spaces         ON  /spaces → on (200)
OK  programs       ON  /grants → on (200)
OK  vacancies      OFF /vacancies → redirect-off (307 → /unavailable?m=vacancies&mode=soon)
OK  contests       OFF /contests → redirect-off (307 → /unavailable?m=contests&mode=soon)
OK  friends        OFF /friends → redirect-off (307 → /unavailable?m=friends&mode=soon)
OK  games          OFF /games → redirect-off (307 → /unavailable?m=games&mode=soon)
OK  news           ON  /news → on (200)
OK  portfolio      OFF /portfolio → redirect-off (307 → /unavailable?m=portfolio&mode=soon)
OK  faq            OFF /faq → redirect-off (307 → /unavailable?m=faq&mode=soon)
OK  privacy dynamic appendix
---- passed=25 failed=0 → /workspace/docs/perf/qa-modules-toggle-1786433630680.json
